// Jest Snapshot v1, https://goo.gl/fbAQLP

exports[`<Filter /> testing Should render with Provider and ThemeProvider 1`] = `
<div
  className="sc-bdvvtL lmfyqF me-2 btn-group"
  role="group"
>
  <a
    className="sc-gsDKAQ fNHwLb"
    href="/get--tickets/?SortByPrice=true"
    onClick={[Function]}
  >
    <button
      className="sc-dkPtRN gdWSvs btn btn-primary"
      disabled={false}
      type="button"
    >
      Самый дешевый
    </button>
  </a>
  <a
    className="sc-gsDKAQ fNHwLb"
    href="/get--tickets/?SortByTime=true"
    onClick={[Function]}
  >
    <button
      className="sc-dkPtRN gdWSvs btn btn-primary"
      disabled={false}
      type="button"
    >
      Самый быстрый
    </button>
  </a>
</div>
`;
