// Jest Snapshot v1, https://goo.gl/fbAQLP

exports[`NumberOfTransplants testing Should render with Redux and ThemeProvider 1`] = `
<div
  className="sc-eCImPb btMUQh"
>
  <h3
    className="sc-jRQBWg JeArJ"
  >
    Количество пересадок
  </h3>
  <form
    action="#"
    className="sc-gKclnd xrXMA"
    onReset={[Function]}
    onSubmit={[Function]}
  >
    <label>
      <input
        checked={true}
        name="selectAll"
        onBlur={[Function]}
        onChange={[Function]}
        type="checkbox"
        value={true}
      />
       Все
    </label>
    <br />
    <label>
      <input
        checked={true}
        name="choosedOption"
        onBlur={[Function]}
        onChange={[Function]}
        type="checkbox"
        value="0"
      />
       Без пересадок
    </label>
    <br />
    <label>
      <input
        checked={true}
        name="choosedOption"
        onBlur={[Function]}
        onChange={[Function]}
        type="checkbox"
        value="1"
      />
       1 пересадка
    </label>
    <br />
    <label>
      <input
        checked={true}
        name="choosedOption"
        onBlur={[Function]}
        onChange={[Function]}
        type="checkbox"
        value="2"
      />
       2 пересадки
    </label>
    <br />
    <label>
      <input
        checked={true}
        name="choosedOption"
        onBlur={[Function]}
        onChange={[Function]}
        type="checkbox"
        value="3"
      />
       3 пересадки
    </label>
    <br />
    <button
      type="submit"
    >
      Submit
    </button>
  </form>
</div>
`;
